Copyright 1986-2018 Xilinx, Inc. All Rights Reserved.
------------------------------------------------------------------------------------------------------------------------------------------
| Tool Version : Vivado v.2018.3 (win64) Build 2405991 Thu Dec  6 23:38:27 MST 2018
| Date         : Mon Nov 16 19:54:02 2020
| Host         : DESKTOP-FK7M3SG running 64-bit major release  (build 9200)
| Command      : report_drc -file design_1_wrapper_drc_routed.rpt -pb design_1_wrapper_drc_routed.pb -rpx design_1_wrapper_drc_routed.rpx
| Design       : design_1_wrapper
| Device       : xc7z010clg400-1
| Speed File   : -1
| Design State : Fully Routed
------------------------------------------------------------------------------------------------------------------------------------------

Report DRC

Table of Contents
-----------------
1. REPORT SUMMARY
2. REPORT DETAILS

1. REPORT SUMMARY
-----------------
            Netlist: netlist
          Floorplan: design_1
      Design limits: <entire design considered>
           Ruledeck: default
             Max violations: <unlimited>
             Violations found: 8
+-----------+----------+-------------+------------+
| Rule      | Severity | Description | Violations |
+-----------+----------+-------------+------------+
| REQP-1571 | Warning  | connects_D  | 8          |
+-----------+----------+-------------+------------+

2. REPORT DETAILS
-----------------
REQP-1571#1 Warning
connects_D  
The FDRE cell design_1_i/processing_system7_0/inst/ENET1_GMII_RXD_i_reg[0] has no driver for the D input pin. To protect against unwanted transitions in all flows, the D input pin is required to have a driver. To resolve this violation, modify the design so that the D input pin has an active signal or constant logic-level tie-off.
Related violations: <none>

REQP-1571#2 Warning
connects_D  
The FDRE cell design_1_i/processing_system7_0/inst/ENET1_GMII_RXD_i_reg[1] has no driver for the D input pin. To protect against unwanted transitions in all flows, the D input pin is required to have a driver. To resolve this violation, modify the design so that the D input pin has an active signal or constant logic-level tie-off.
Related violations: <none>

REQP-1571#3 Warning
connects_D  
The FDRE cell design_1_i/processing_system7_0/inst/ENET1_GMII_RXD_i_reg[2] has no driver for the D input pin. To protect against unwanted transitions in all flows, the D input pin is required to have a driver. To resolve this violation, modify the design so that the D input pin has an active signal or constant logic-level tie-off.
Related violations: <none>

REQP-1571#4 Warning
connects_D  
The FDRE cell design_1_i/processing_system7_0/inst/ENET1_GMII_RXD_i_reg[3] has no driver for the D input pin. To protect against unwanted transitions in all flows, the D input pin is required to have a driver. To resolve this violation, modify the design so that the D input pin has an active signal or constant logic-level tie-off.
Related violations: <none>

REQP-1571#5 Warning
connects_D  
The FDRE cell design_1_i/processing_system7_0/inst/ENET1_GMII_RXD_i_reg[4] has no driver for the D input pin. To protect against unwanted transitions in all flows, the D input pin is required to have a driver. To resolve this violation, modify the design so that the D input pin has an active signal or constant logic-level tie-off.
Related violations: <none>

REQP-1571#6 Warning
connects_D  
The FDRE cell design_1_i/processing_system7_0/inst/ENET1_GMII_RXD_i_reg[5] has no driver for the D input pin. To protect against unwanted transitions in all flows, the D input pin is required to have a driver. To resolve this violation, modify the design so that the D input pin has an active signal or constant logic-level tie-off.
Related violations: <none>

REQP-1571#7 Warning
connects_D  
The FDRE cell design_1_i/processing_system7_0/inst/ENET1_GMII_RXD_i_reg[6] has no driver for the D input pin. To protect against unwanted transitions in all flows, the D input pin is required to have a driver. To resolve this violation, modify the design so that the D input pin has an active signal or constant logic-level tie-off.
Related violations: <none>

REQP-1571#8 Warning
connects_D  
The FDRE cell design_1_i/processing_system7_0/inst/ENET1_GMII_RXD_i_reg[7] has no driver for the D input pin. To protect against unwanted transitions in all flows, the D input pin is required to have a driver. To resolve this violation, modify the design so that the D input pin has an active signal or constant logic-level tie-off.
Related violations: <none>


